user login
email=test@gmail.com
password=admin123
api_key=sk-xyz
phone=9876543210
token=eyJhbGciOiJIUzI1NiIsInR5cCI6IkpXVCJ9.payload.signature
ERROR failure occurred